Archive member included because of file (symbol)

/home/zoon81/nRF/_tools/gcc-arm-none-eabi-4_9-2015q3-20150921-linux/gcc-arm-none-eabi-4_9-2015q3/bin/../lib/gcc/arm-none-eabi/4.9.3/../../../../arm-none-eabi/lib/armv6-m/libc_nano.a(lib_a-exit.o)
                              /home/zoon81/nRF/_tools/gcc-arm-none-eabi-4_9-2015q3-20150921-linux/gcc-arm-none-eabi-4_9-2015q3/bin/../lib/gcc/arm-none-eabi/4.9.3/../../../../arm-none-eabi/lib/armv6-m/crt0.o (exit)
/home/zoon81/nRF/_tools/gcc-arm-none-eabi-4_9-2015q3-20150921-linux/gcc-arm-none-eabi-4_9-2015q3/bin/../lib/gcc/arm-none-eabi/4.9.3/../../../../arm-none-eabi/lib/armv6-m/libc_nano.a(lib_a-impure.o)
                              /home/zoon81/nRF/_tools/gcc-arm-none-eabi-4_9-2015q3-20150921-linux/gcc-arm-none-eabi-4_9-2015q3/bin/../lib/gcc/arm-none-eabi/4.9.3/../../../../arm-none-eabi/lib/armv6-m/libc_nano.a(lib_a-exit.o) (_global_impure_ptr)
/home/zoon81/nRF/_tools/gcc-arm-none-eabi-4_9-2015q3-20150921-linux/gcc-arm-none-eabi-4_9-2015q3/bin/../lib/gcc/arm-none-eabi/4.9.3/../../../../arm-none-eabi/lib/armv6-m/libc_nano.a(lib_a-init.o)
                              /home/zoon81/nRF/_tools/gcc-arm-none-eabi-4_9-2015q3-20150921-linux/gcc-arm-none-eabi-4_9-2015q3/bin/../lib/gcc/arm-none-eabi/4.9.3/../../../../arm-none-eabi/lib/armv6-m/crt0.o (__libc_init_array)
/home/zoon81/nRF/_tools/gcc-arm-none-eabi-4_9-2015q3-20150921-linux/gcc-arm-none-eabi-4_9-2015q3/bin/../lib/gcc/arm-none-eabi/4.9.3/../../../../arm-none-eabi/lib/armv6-m/libc_nano.a(lib_a-memset.o)
                              /home/zoon81/nRF/_tools/gcc-arm-none-eabi-4_9-2015q3-20150921-linux/gcc-arm-none-eabi-4_9-2015q3/bin/../lib/gcc/arm-none-eabi/4.9.3/../../../../arm-none-eabi/lib/armv6-m/crt0.o (memset)
/home/zoon81/nRF/_tools/gcc-arm-none-eabi-4_9-2015q3-20150921-linux/gcc-arm-none-eabi-4_9-2015q3/bin/../lib/gcc/arm-none-eabi/4.9.3/../../../../arm-none-eabi/lib/armv6-m/libnosys.a(_exit.o)
                              /home/zoon81/nRF/_tools/gcc-arm-none-eabi-4_9-2015q3-20150921-linux/gcc-arm-none-eabi-4_9-2015q3/bin/../lib/gcc/arm-none-eabi/4.9.3/../../../../arm-none-eabi/lib/armv6-m/libc_nano.a(lib_a-exit.o) (_exit)

Discarded input sections

 .text          0x00000000        0x0 /home/zoon81/nRF/_tools/gcc-arm-none-eabi-4_9-2015q3-20150921-linux/gcc-arm-none-eabi-4_9-2015q3/bin/../lib/gcc/arm-none-eabi/4.9.3/armv6-m/crti.o
 .data          0x00000000        0x0 /home/zoon81/nRF/_tools/gcc-arm-none-eabi-4_9-2015q3-20150921-linux/gcc-arm-none-eabi-4_9-2015q3/bin/../lib/gcc/arm-none-eabi/4.9.3/armv6-m/crti.o
 .bss           0x00000000        0x0 /home/zoon81/nRF/_tools/gcc-arm-none-eabi-4_9-2015q3-20150921-linux/gcc-arm-none-eabi-4_9-2015q3/bin/../lib/gcc/arm-none-eabi/4.9.3/armv6-m/crti.o
 .data          0x00000000        0x4 /home/zoon81/nRF/_tools/gcc-arm-none-eabi-4_9-2015q3-20150921-linux/gcc-arm-none-eabi-4_9-2015q3/bin/../lib/gcc/arm-none-eabi/4.9.3/armv6-m/crtbegin.o
 .data          0x00000000        0x0 /home/zoon81/nRF/_tools/gcc-arm-none-eabi-4_9-2015q3-20150921-linux/gcc-arm-none-eabi-4_9-2015q3/bin/../lib/gcc/arm-none-eabi/4.9.3/../../../../arm-none-eabi/lib/armv6-m/crt0.o
 .bss           0x00000000        0x0 /home/zoon81/nRF/_tools/gcc-arm-none-eabi-4_9-2015q3-20150921-linux/gcc-arm-none-eabi-4_9-2015q3/bin/../lib/gcc/arm-none-eabi/4.9.3/../../../../arm-none-eabi/lib/armv6-m/crt0.o
 .ARM.extab     0x00000000        0x0 /home/zoon81/nRF/_tools/gcc-arm-none-eabi-4_9-2015q3-20150921-linux/gcc-arm-none-eabi-4_9-2015q3/bin/../lib/gcc/arm-none-eabi/4.9.3/../../../../arm-none-eabi/lib/armv6-m/crt0.o
 .text          0x00000000        0x0 /home/zoon81/nRF/_tools/gcc-arm-none-eabi-4_9-2015q3-20150921-linux/gcc-arm-none-eabi-4_9-2015q3/bin/../lib/gcc/arm-none-eabi/4.9.3/../../../../arm-none-eabi/lib/armv6-m/libc_nano.a(lib_a-exit.o)
 .data          0x00000000        0x0 /home/zoon81/nRF/_tools/gcc-arm-none-eabi-4_9-2015q3-20150921-linux/gcc-arm-none-eabi-4_9-2015q3/bin/../lib/gcc/arm-none-eabi/4.9.3/../../../../arm-none-eabi/lib/armv6-m/libc_nano.a(lib_a-exit.o)
 .bss           0x00000000        0x0 /home/zoon81/nRF/_tools/gcc-arm-none-eabi-4_9-2015q3-20150921-linux/gcc-arm-none-eabi-4_9-2015q3/bin/../lib/gcc/arm-none-eabi/4.9.3/../../../../arm-none-eabi/lib/armv6-m/libc_nano.a(lib_a-exit.o)
 .text          0x00000000        0x0 /home/zoon81/nRF/_tools/gcc-arm-none-eabi-4_9-2015q3-20150921-linux/gcc-arm-none-eabi-4_9-2015q3/bin/../lib/gcc/arm-none-eabi/4.9.3/../../../../arm-none-eabi/lib/armv6-m/libc_nano.a(lib_a-impure.o)
 .data          0x00000000        0x0 /home/zoon81/nRF/_tools/gcc-arm-none-eabi-4_9-2015q3-20150921-linux/gcc-arm-none-eabi-4_9-2015q3/bin/../lib/gcc/arm-none-eabi/4.9.3/../../../../arm-none-eabi/lib/armv6-m/libc_nano.a(lib_a-impure.o)
 .bss           0x00000000        0x0 /home/zoon81/nRF/_tools/gcc-arm-none-eabi-4_9-2015q3-20150921-linux/gcc-arm-none-eabi-4_9-2015q3/bin/../lib/gcc/arm-none-eabi/4.9.3/../../../../arm-none-eabi/lib/armv6-m/libc_nano.a(lib_a-impure.o)
 .data._impure_ptr
                0x00000000        0x4 /home/zoon81/nRF/_tools/gcc-arm-none-eabi-4_9-2015q3-20150921-linux/gcc-arm-none-eabi-4_9-2015q3/bin/../lib/gcc/arm-none-eabi/4.9.3/../../../../arm-none-eabi/lib/armv6-m/libc_nano.a(lib_a-impure.o)
 .text          0x00000000        0x0 /home/zoon81/nRF/_tools/gcc-arm-none-eabi-4_9-2015q3-20150921-linux/gcc-arm-none-eabi-4_9-2015q3/bin/../lib/gcc/arm-none-eabi/4.9.3/../../../../arm-none-eabi/lib/armv6-m/libc_nano.a(lib_a-init.o)
 .data          0x00000000        0x0 /home/zoon81/nRF/_tools/gcc-arm-none-eabi-4_9-2015q3-20150921-linux/gcc-arm-none-eabi-4_9-2015q3/bin/../lib/gcc/arm-none-eabi/4.9.3/../../../../arm-none-eabi/lib/armv6-m/libc_nano.a(lib_a-init.o)
 .bss           0x00000000        0x0 /home/zoon81/nRF/_tools/gcc-arm-none-eabi-4_9-2015q3-20150921-linux/gcc-arm-none-eabi-4_9-2015q3/bin/../lib/gcc/arm-none-eabi/4.9.3/../../../../arm-none-eabi/lib/armv6-m/libc_nano.a(lib_a-init.o)
 .text          0x00000000        0x0 /home/zoon81/nRF/_tools/gcc-arm-none-eabi-4_9-2015q3-20150921-linux/gcc-arm-none-eabi-4_9-2015q3/bin/../lib/gcc/arm-none-eabi/4.9.3/../../../../arm-none-eabi/lib/armv6-m/libc_nano.a(lib_a-memset.o)
 .data          0x00000000        0x0 /home/zoon81/nRF/_tools/gcc-arm-none-eabi-4_9-2015q3-20150921-linux/gcc-arm-none-eabi-4_9-2015q3/bin/../lib/gcc/arm-none-eabi/4.9.3/../../../../arm-none-eabi/lib/armv6-m/libc_nano.a(lib_a-memset.o)
 .bss           0x00000000        0x0 /home/zoon81/nRF/_tools/gcc-arm-none-eabi-4_9-2015q3-20150921-linux/gcc-arm-none-eabi-4_9-2015q3/bin/../lib/gcc/arm-none-eabi/4.9.3/../../../../arm-none-eabi/lib/armv6-m/libc_nano.a(lib_a-memset.o)
 .text          0x00000000        0x0 /home/zoon81/nRF/_tools/gcc-arm-none-eabi-4_9-2015q3-20150921-linux/gcc-arm-none-eabi-4_9-2015q3/bin/../lib/gcc/arm-none-eabi/4.9.3/../../../../arm-none-eabi/lib/armv6-m/libnosys.a(_exit.o)
 .data          0x00000000        0x0 /home/zoon81/nRF/_tools/gcc-arm-none-eabi-4_9-2015q3-20150921-linux/gcc-arm-none-eabi-4_9-2015q3/bin/../lib/gcc/arm-none-eabi/4.9.3/../../../../arm-none-eabi/lib/armv6-m/libnosys.a(_exit.o)
 .bss           0x00000000        0x0 /home/zoon81/nRF/_tools/gcc-arm-none-eabi-4_9-2015q3-20150921-linux/gcc-arm-none-eabi-4_9-2015q3/bin/../lib/gcc/arm-none-eabi/4.9.3/../../../../arm-none-eabi/lib/armv6-m/libnosys.a(_exit.o)
 .group         0x00000000        0x8 _build/main.o
 .group         0x00000000        0x8 _build/main.o
 .group         0x00000000        0x8 _build/main.o
 .group         0x00000000        0x8 _build/main.o
 .group         0x00000000        0x8 _build/main.o
 .group         0x00000000        0x8 _build/main.o
 .group         0x00000000        0x8 _build/main.o
 .group         0x00000000        0x8 _build/main.o
 .group         0x00000000        0x8 _build/main.o
 .group         0x00000000        0x8 _build/main.o
 .group         0x00000000        0x8 _build/main.o
 .group         0x00000000        0x8 _build/main.o
 .group         0x00000000        0x8 _build/main.o
 .group         0x00000000        0x8 _build/main.o
 .group         0x00000000        0x8 _build/main.o
 .group         0x00000000        0x8 _build/main.o
 .group         0x00000000        0x8 _build/main.o
 .text          0x00000000        0x0 _build/main.o
 .data          0x00000000        0x0 _build/main.o
 .bss           0x00000000        0x0 _build/main.o
 .group         0x00000000        0x8 _build/system_nrf51.o
 .group         0x00000000        0x8 _build/system_nrf51.o
 .group         0x00000000        0x8 _build/system_nrf51.o
 .group         0x00000000        0x8 _build/system_nrf51.o
 .group         0x00000000        0x8 _build/system_nrf51.o
 .group         0x00000000        0x8 _build/system_nrf51.o
 .group         0x00000000        0x8 _build/system_nrf51.o
 .group         0x00000000        0x8 _build/system_nrf51.o
 .group         0x00000000        0x8 _build/system_nrf51.o
 .group         0x00000000        0x8 _build/system_nrf51.o
 .group         0x00000000        0x8 _build/system_nrf51.o
 .group         0x00000000        0x8 _build/system_nrf51.o
 .group         0x00000000        0x8 _build/system_nrf51.o
 .group         0x00000000        0x8 _build/system_nrf51.o
 .group         0x00000000        0x8 _build/system_nrf51.o
 .text          0x00000000        0x0 _build/system_nrf51.o
 .data          0x00000000        0x0 _build/system_nrf51.o
 .bss           0x00000000        0x0 _build/system_nrf51.o
 .data.SystemCoreClock
                0x00000000        0x4 _build/system_nrf51.o
 .text.SystemCoreClockUpdate
                0x00000000       0x18 _build/system_nrf51.o
 .debug_macro   0x00000000      0x83e _build/system_nrf51.o
 .debug_macro   0x00000000       0x22 _build/system_nrf51.o
 .debug_macro   0x00000000       0x44 _build/system_nrf51.o
 .debug_macro   0x00000000       0xe3 _build/system_nrf51.o
 .debug_macro   0x00000000       0x22 _build/system_nrf51.o
 .debug_macro   0x00000000      0x1df _build/system_nrf51.o
 .debug_macro   0x00000000       0x22 _build/system_nrf51.o
 .debug_macro   0x00000000       0x22 _build/system_nrf51.o
 .debug_macro   0x00000000       0x3a _build/system_nrf51.o
 .debug_macro   0x00000000       0x1f _build/system_nrf51.o
 .debug_macro   0x00000000      0x242 _build/system_nrf51.o
 .debug_macro   0x00000000      0x1d2 _build/system_nrf51.o
 .debug_macro   0x00000000     0x745a _build/system_nrf51.o
 .debug_macro   0x00000000      0x976 _build/system_nrf51.o
 .debug_macro   0x00000000       0x1c _build/system_nrf51.o
 .group         0x00000000        0x8 _build/nrf_delay.o
 .group         0x00000000        0x8 _build/nrf_delay.o
 .group         0x00000000        0x8 _build/nrf_delay.o
 .group         0x00000000        0x8 _build/nrf_delay.o
 .group         0x00000000        0x8 _build/nrf_delay.o
 .group         0x00000000        0x8 _build/nrf_delay.o
 .group         0x00000000        0x8 _build/nrf_delay.o
 .group         0x00000000        0x8 _build/nrf_delay.o
 .group         0x00000000        0x8 _build/nrf_delay.o
 .group         0x00000000        0x8 _build/nrf_delay.o
 .group         0x00000000        0x8 _build/nrf_delay.o
 .group         0x00000000        0x8 _build/nrf_delay.o
 .group         0x00000000        0x8 _build/nrf_delay.o
 .group         0x00000000        0x8 _build/nrf_delay.o
 .group         0x00000000        0x8 _build/nrf_delay.o
 .group         0x00000000        0x8 _build/nrf_delay.o
 .group         0x00000000        0x8 _build/nrf_delay.o
 .group         0x00000000        0x8 _build/nrf_delay.o
 .group         0x00000000        0x8 _build/nrf_delay.o
 .group         0x00000000        0x8 _build/nrf_delay.o
 .group         0x00000000        0x8 _build/nrf_delay.o
 .group         0x00000000        0x8 _build/nrf_delay.o
 .group         0x00000000        0x8 _build/nrf_delay.o
 .group         0x00000000        0x8 _build/nrf_delay.o
 .group         0x00000000        0x8 _build/nrf_delay.o
 .group         0x00000000        0x8 _build/nrf_delay.o
 .group         0x00000000        0x8 _build/nrf_delay.o
 .group         0x00000000        0x8 _build/nrf_delay.o
 .group         0x00000000        0x8 _build/nrf_delay.o
 .group         0x00000000        0x8 _build/nrf_delay.o
 .group         0x00000000        0x8 _build/nrf_delay.o
 .text          0x00000000        0x0 _build/nrf_delay.o
 .data          0x00000000        0x0 _build/nrf_delay.o
 .bss           0x00000000        0x0 _build/nrf_delay.o
 .debug_macro   0x00000000      0x83e _build/nrf_delay.o
 .debug_macro   0x00000000       0x22 _build/nrf_delay.o
 .debug_macro   0x00000000       0x22 _build/nrf_delay.o
 .debug_macro   0x00000000       0x22 _build/nrf_delay.o
 .debug_macro   0x00000000       0x3a _build/nrf_delay.o
 .debug_macro   0x00000000       0xe3 _build/nrf_delay.o
 .debug_macro   0x00000000      0x1df _build/nrf_delay.o
 .debug_macro   0x00000000       0x1f _build/nrf_delay.o
 .debug_macro   0x00000000      0x242 _build/nrf_delay.o
 .debug_macro   0x00000000      0x1d2 _build/nrf_delay.o
 .debug_macro   0x00000000     0x745a _build/nrf_delay.o
 .debug_macro   0x00000000      0x976 _build/nrf_delay.o
 .data          0x00000000        0x0 _build/gcc_startup_nrf51.o
 .bss           0x00000000        0x0 _build/gcc_startup_nrf51.o
 .ARM.extab     0x00000000        0x0 _build/gcc_startup_nrf51.o
 .text          0x00000000        0x0 /home/zoon81/nRF/_tools/gcc-arm-none-eabi-4_9-2015q3-20150921-linux/gcc-arm-none-eabi-4_9-2015q3/bin/../lib/gcc/arm-none-eabi/4.9.3/armv6-m/crtend.o
 .data          0x00000000        0x0 /home/zoon81/nRF/_tools/gcc-arm-none-eabi-4_9-2015q3-20150921-linux/gcc-arm-none-eabi-4_9-2015q3/bin/../lib/gcc/arm-none-eabi/4.9.3/armv6-m/crtend.o
 .bss           0x00000000        0x0 /home/zoon81/nRF/_tools/gcc-arm-none-eabi-4_9-2015q3-20150921-linux/gcc-arm-none-eabi-4_9-2015q3/bin/../lib/gcc/arm-none-eabi/4.9.3/armv6-m/crtend.o
 .eh_frame      0x00000000        0x4 /home/zoon81/nRF/_tools/gcc-arm-none-eabi-4_9-2015q3-20150921-linux/gcc-arm-none-eabi-4_9-2015q3/bin/../lib/gcc/arm-none-eabi/4.9.3/armv6-m/crtend.o
 .jcr           0x00000000        0x4 /home/zoon81/nRF/_tools/gcc-arm-none-eabi-4_9-2015q3-20150921-linux/gcc-arm-none-eabi-4_9-2015q3/bin/../lib/gcc/arm-none-eabi/4.9.3/armv6-m/crtend.o
 .ARM.attributes
                0x00000000       0x2c /home/zoon81/nRF/_tools/gcc-arm-none-eabi-4_9-2015q3-20150921-linux/gcc-arm-none-eabi-4_9-2015q3/bin/../lib/gcc/arm-none-eabi/4.9.3/armv6-m/crtend.o
 .text          0x00000000        0x0 /home/zoon81/nRF/_tools/gcc-arm-none-eabi-4_9-2015q3-20150921-linux/gcc-arm-none-eabi-4_9-2015q3/bin/../lib/gcc/arm-none-eabi/4.9.3/armv6-m/crtn.o
 .data          0x00000000        0x0 /home/zoon81/nRF/_tools/gcc-arm-none-eabi-4_9-2015q3-20150921-linux/gcc-arm-none-eabi-4_9-2015q3/bin/../lib/gcc/arm-none-eabi/4.9.3/armv6-m/crtn.o
 .bss           0x00000000        0x0 /home/zoon81/nRF/_tools/gcc-arm-none-eabi-4_9-2015q3-20150921-linux/gcc-arm-none-eabi-4_9-2015q3/bin/../lib/gcc/arm-none-eabi/4.9.3/armv6-m/crtn.o

Memory Configuration

Name             Origin             Length             Attributes
FLASH            0x00000000         0x00040000         xr
RAM              0x20000000         0x00004000         xrw
*default*        0x00000000         0xffffffff

Linker script and memory map

LOAD /home/zoon81/nRF/_tools/gcc-arm-none-eabi-4_9-2015q3-20150921-linux/gcc-arm-none-eabi-4_9-2015q3/bin/../lib/gcc/arm-none-eabi/4.9.3/armv6-m/crti.o
LOAD /home/zoon81/nRF/_tools/gcc-arm-none-eabi-4_9-2015q3-20150921-linux/gcc-arm-none-eabi-4_9-2015q3/bin/../lib/gcc/arm-none-eabi/4.9.3/armv6-m/crtbegin.o
LOAD /home/zoon81/nRF/_tools/gcc-arm-none-eabi-4_9-2015q3-20150921-linux/gcc-arm-none-eabi-4_9-2015q3/bin/../lib/gcc/arm-none-eabi/4.9.3/../../../../arm-none-eabi/lib/armv6-m/crt0.o
LOAD /home/zoon81/nRF/_tools/gcc-arm-none-eabi-4_9-2015q3-20150921-linux/gcc-arm-none-eabi-4_9-2015q3/bin/../lib/gcc/arm-none-eabi/4.9.3/../../../../arm-none-eabi/lib/armv6-m/libc_nano.a
LOAD /home/zoon81/nRF/_tools/gcc-arm-none-eabi-4_9-2015q3-20150921-linux/gcc-arm-none-eabi-4_9-2015q3/bin/../lib/gcc/arm-none-eabi/4.9.3/../../../../arm-none-eabi/lib/armv6-m/libnosys.a
LOAD _build/main.o
LOAD _build/system_nrf51.o
LOAD _build/nrf_delay.o
LOAD _build/gcc_startup_nrf51.o
START GROUP
LOAD /home/zoon81/nRF/_tools/gcc-arm-none-eabi-4_9-2015q3-20150921-linux/gcc-arm-none-eabi-4_9-2015q3/bin/../lib/gcc/arm-none-eabi/4.9.3/armv6-m/libgcc.a
LOAD /home/zoon81/nRF/_tools/gcc-arm-none-eabi-4_9-2015q3-20150921-linux/gcc-arm-none-eabi-4_9-2015q3/bin/../lib/gcc/arm-none-eabi/4.9.3/../../../../arm-none-eabi/lib/armv6-m/libc_nano.a
END GROUP
START GROUP
LOAD /home/zoon81/nRF/_tools/gcc-arm-none-eabi-4_9-2015q3-20150921-linux/gcc-arm-none-eabi-4_9-2015q3/bin/../lib/gcc/arm-none-eabi/4.9.3/armv6-m/libgcc.a
LOAD /home/zoon81/nRF/_tools/gcc-arm-none-eabi-4_9-2015q3-20150921-linux/gcc-arm-none-eabi-4_9-2015q3/bin/../lib/gcc/arm-none-eabi/4.9.3/../../../../arm-none-eabi/lib/armv6-m/libc_nano.a
END GROUP
LOAD /home/zoon81/nRF/_tools/gcc-arm-none-eabi-4_9-2015q3-20150921-linux/gcc-arm-none-eabi-4_9-2015q3/bin/../lib/gcc/arm-none-eabi/4.9.3/armv6-m/crtend.o
LOAD /home/zoon81/nRF/_tools/gcc-arm-none-eabi-4_9-2015q3-20150921-linux/gcc-arm-none-eabi-4_9-2015q3/bin/../lib/gcc/arm-none-eabi/4.9.3/armv6-m/crtn.o
START GROUP
LOAD /home/zoon81/nRF/_tools/gcc-arm-none-eabi-4_9-2015q3-20150921-linux/gcc-arm-none-eabi-4_9-2015q3/bin/../lib/gcc/arm-none-eabi/4.9.3/armv6-m/libgcc.a
LOAD /home/zoon81/nRF/_tools/gcc-arm-none-eabi-4_9-2015q3-20150921-linux/gcc-arm-none-eabi-4_9-2015q3/bin/../lib/gcc/arm-none-eabi/4.9.3/../../../../arm-none-eabi/lib/armv6-m/libc.a
LOAD /home/zoon81/nRF/_tools/gcc-arm-none-eabi-4_9-2015q3-20150921-linux/gcc-arm-none-eabi-4_9-2015q3/bin/../lib/gcc/arm-none-eabi/4.9.3/../../../../arm-none-eabi/lib/armv6-m/libnosys.a
END GROUP

.fs_data_out    0x00000000        0x0
                0x00000000                PROVIDE (__start_fs_data, .)
 *(fs_data)
                0x00000000                PROVIDE (__stop_fs_data, .)

.text           0x00000000      0x534
 *(.Vectors)
 .Vectors       0x00000000       0xc0 _build/gcc_startup_nrf51.o
                0x00000000                __Vectors
 *(.text*)
 .text          0x000000c0       0x60 /home/zoon81/nRF/_tools/gcc-arm-none-eabi-4_9-2015q3-20150921-linux/gcc-arm-none-eabi-4_9-2015q3/bin/../lib/gcc/arm-none-eabi/4.9.3/armv6-m/crtbegin.o
 .text          0x00000120       0x78 /home/zoon81/nRF/_tools/gcc-arm-none-eabi-4_9-2015q3-20150921-linux/gcc-arm-none-eabi-4_9-2015q3/bin/../lib/gcc/arm-none-eabi/4.9.3/../../../../arm-none-eabi/lib/armv6-m/crt0.o
                0x00000120                _mainCRTStartup
                0x00000120                _start
 .text.exit     0x00000198       0x2c /home/zoon81/nRF/_tools/gcc-arm-none-eabi-4_9-2015q3-20150921-linux/gcc-arm-none-eabi-4_9-2015q3/bin/../lib/gcc/arm-none-eabi/4.9.3/../../../../arm-none-eabi/lib/armv6-m/libc_nano.a(lib_a-exit.o)
                0x00000198                exit
 .text.__libc_init_array
                0x000001c4       0x4c /home/zoon81/nRF/_tools/gcc-arm-none-eabi-4_9-2015q3-20150921-linux/gcc-arm-none-eabi-4_9-2015q3/bin/../lib/gcc/arm-none-eabi/4.9.3/../../../../arm-none-eabi/lib/armv6-m/libc_nano.a(lib_a-init.o)
                0x000001c4                __libc_init_array
 .text.memset   0x00000210       0x10 /home/zoon81/nRF/_tools/gcc-arm-none-eabi-4_9-2015q3-20150921-linux/gcc-arm-none-eabi-4_9-2015q3/bin/../lib/gcc/arm-none-eabi/4.9.3/../../../../arm-none-eabi/lib/armv6-m/libc_nano.a(lib_a-memset.o)
                0x00000210                memset
 .text._exit    0x00000220        0x4 /home/zoon81/nRF/_tools/gcc-arm-none-eabi-4_9-2015q3-20150921-linux/gcc-arm-none-eabi-4_9-2015q3/bin/../lib/gcc/arm-none-eabi/4.9.3/../../../../arm-none-eabi/lib/armv6-m/libnosys.a(_exit.o)
                0x00000220                _exit
 .text.nrf_gpio_range_cfg_output
                0x00000224       0x28 _build/main.o
 .text.nrf_gpio_cfg
                0x0000024c       0x5c _build/main.o
 .text.nrf_gpio_cfg_output
                0x000002a8       0x24 _build/main.o
 .text.nrf_gpio_pin_set
                0x000002cc       0x20 _build/main.o
 .text.nrf_gpio_pin_clear
                0x000002ec       0x24 _build/main.o
 .text.main     0x00000310       0x60 _build/main.o
                0x00000310                main
 .text.SystemInit
                0x00000370       0x40 _build/system_nrf51.o
                0x00000370                SystemInit
 .text.is_manual_peripheral_setup_needed
                0x000003b0       0x80 _build/system_nrf51.o
 .text.is_disabled_in_debug_needed
                0x00000430       0x4c _build/system_nrf51.o
 .text.nrf_delay_ms
                0x0000047c       0x44 _build/nrf_delay.o
                0x0000047c                nrf_delay_ms
 .text          0x000004c0       0x54 _build/gcc_startup_nrf51.o
                0x000004c0                Reset_Handler
                0x00000508                NMI_Handler
                0x0000050a                HardFault_Handler
                0x0000050c                SVC_Handler
                0x0000050e                PendSV_Handler
                0x00000510                SysTick_Handler
                0x00000512                TIMER2_IRQHandler
                0x00000512                SPI0_TWI0_IRQHandler
                0x00000512                RTC0_IRQHandler
                0x00000512                GPIOTE_IRQHandler
                0x00000512                POWER_CLOCK_IRQHandler
                0x00000512                RADIO_IRQHandler
                0x00000512                LPCOMP_IRQHandler
                0x00000512                SWI4_IRQHandler
                0x00000512                TEMP_IRQHandler
                0x00000512                QDEC_IRQHandler
                0x00000512                UART0_IRQHandler
                0x00000512                SWI5_IRQHandler
                0x00000512                TIMER0_IRQHandler
                0x00000512                SWI0_IRQHandler
                0x00000512                TIMER1_IRQHandler
                0x00000512                ECB_IRQHandler
                0x00000512                Default_Handler
                0x00000512                ADC_IRQHandler
                0x00000512                SWI3_IRQHandler
                0x00000512                CCM_AAR_IRQHandler
                0x00000512                WDT_IRQHandler
                0x00000512                SWI2_IRQHandler
                0x00000512                RNG_IRQHandler
                0x00000512                SPI1_TWI1_IRQHandler
                0x00000512                RTC1_IRQHandler
                0x00000512                SWI1_IRQHandler
 *(.init)
 .init          0x00000514        0x4 /home/zoon81/nRF/_tools/gcc-arm-none-eabi-4_9-2015q3-20150921-linux/gcc-arm-none-eabi-4_9-2015q3/bin/../lib/gcc/arm-none-eabi/4.9.3/armv6-m/crti.o
                0x00000514                _init
 .init          0x00000518        0x8 /home/zoon81/nRF/_tools/gcc-arm-none-eabi-4_9-2015q3-20150921-linux/gcc-arm-none-eabi-4_9-2015q3/bin/../lib/gcc/arm-none-eabi/4.9.3/armv6-m/crtn.o
 *(.fini)
 .fini          0x00000520        0x4 /home/zoon81/nRF/_tools/gcc-arm-none-eabi-4_9-2015q3-20150921-linux/gcc-arm-none-eabi-4_9-2015q3/bin/../lib/gcc/arm-none-eabi/4.9.3/armv6-m/crti.o
                0x00000520                _fini
 .fini          0x00000524        0x8 /home/zoon81/nRF/_tools/gcc-arm-none-eabi-4_9-2015q3-20150921-linux/gcc-arm-none-eabi-4_9-2015q3/bin/../lib/gcc/arm-none-eabi/4.9.3/armv6-m/crtn.o
 *crtbegin.o(.ctors)
 *crtbegin?.o(.ctors)
 *(EXCLUDE_FILE(*crtend.o *crtend?.o) .ctors)
 *(SORT(.ctors.*))
 *(.ctors)
 *crtbegin.o(.dtors)
 *crtbegin?.o(.dtors)
 *(EXCLUDE_FILE(*crtend.o *crtend?.o) .dtors)
 *(SORT(.dtors.*))
 *(.dtors)
 *(.rodata*)
 .rodata.str1.1
                0x0000052c        0x2 /home/zoon81/nRF/_tools/gcc-arm-none-eabi-4_9-2015q3-20150921-linux/gcc-arm-none-eabi-4_9-2015q3/bin/../lib/gcc/arm-none-eabi/4.9.3/../../../../arm-none-eabi/lib/armv6-m/libc_nano.a(lib_a-impure.o)
 *fill*         0x0000052e        0x2 
 .rodata._global_impure_ptr
                0x00000530        0x4 /home/zoon81/nRF/_tools/gcc-arm-none-eabi-4_9-2015q3-20150921-linux/gcc-arm-none-eabi-4_9-2015q3/bin/../lib/gcc/arm-none-eabi/4.9.3/../../../../arm-none-eabi/lib/armv6-m/libc_nano.a(lib_a-impure.o)
                0x00000530                _global_impure_ptr
 *(.eh_frame*)
 .eh_frame      0x00000534        0x0 /home/zoon81/nRF/_tools/gcc-arm-none-eabi-4_9-2015q3-20150921-linux/gcc-arm-none-eabi-4_9-2015q3/bin/../lib/gcc/arm-none-eabi/4.9.3/armv6-m/crtbegin.o
                0x00000534                . = ALIGN (0x4)

.glue_7         0x00000534        0x0
 .glue_7        0x00000000        0x0 linker stubs

.glue_7t        0x00000534        0x0
 .glue_7t       0x00000000        0x0 linker stubs

.vfp11_veneer   0x00000534        0x0
 .vfp11_veneer  0x00000000        0x0 linker stubs

.v4_bx          0x00000534        0x0
 .v4_bx         0x00000000        0x0 linker stubs

.iplt           0x00000534        0x0
 .iplt          0x00000000        0x0 /home/zoon81/nRF/_tools/gcc-arm-none-eabi-4_9-2015q3-20150921-linux/gcc-arm-none-eabi-4_9-2015q3/bin/../lib/gcc/arm-none-eabi/4.9.3/armv6-m/crtbegin.o

.ARM.extab      0x00000534        0x0
 *(.ARM.extab* .gnu.linkonce.armextab.*)
                0x00000534                . = ALIGN (0x4)
                0x00000534                __exidx_start = .

.ARM.exidx      0x00000534        0x8
 *(.ARM.exidx* .gnu.linkonce.armexidx.*)
 .ARM.exidx     0x00000534        0x8 /home/zoon81/nRF/_tools/gcc-arm-none-eabi-4_9-2015q3-20150921-linux/gcc-arm-none-eabi-4_9-2015q3/bin/../lib/gcc/arm-none-eabi/4.9.3/../../../../arm-none-eabi/lib/armv6-m/crt0.o
 .ARM.exidx     0x0000053c        0x0 _build/gcc_startup_nrf51.o
                                  0x8 (size before relaxing)
                0x0000053c                . = ALIGN (0x4)
                0x0000053c                __exidx_end = .
                0x0000053c                __etext = .

.rel.dyn        0x0000053c        0x0
 .rel.iplt      0x00000000        0x0 /home/zoon81/nRF/_tools/gcc-arm-none-eabi-4_9-2015q3-20150921-linux/gcc-arm-none-eabi-4_9-2015q3/bin/../lib/gcc/arm-none-eabi/4.9.3/armv6-m/crtbegin.o

.data           0x20000000       0x68 load address 0x0000053c
                0x20000000                __data_start__ = .
 *(vtable)
 *(.data*)
 .data.impure_data
                0x20000000       0x60 /home/zoon81/nRF/_tools/gcc-arm-none-eabi-4_9-2015q3-20150921-linux/gcc-arm-none-eabi-4_9-2015q3/bin/../lib/gcc/arm-none-eabi/4.9.3/../../../../arm-none-eabi/lib/armv6-m/libc_nano.a(lib_a-impure.o)
                0x20000060                . = ALIGN (0x4)
                0x20000060                PROVIDE (__preinit_array_start, .)
 *(.preinit_array)
                0x20000060                PROVIDE (__preinit_array_end, .)
                0x20000060                . = ALIGN (0x4)
                0x20000060                PROVIDE (__init_array_start, .)
 *(SORT(.init_array.*))
 *(.init_array)
 .init_array    0x20000060        0x4 /home/zoon81/nRF/_tools/gcc-arm-none-eabi-4_9-2015q3-20150921-linux/gcc-arm-none-eabi-4_9-2015q3/bin/../lib/gcc/arm-none-eabi/4.9.3/armv6-m/crtbegin.o
                0x20000064                PROVIDE (__init_array_end, .)
                0x20000064                . = ALIGN (0x4)
                0x20000064                PROVIDE (__fini_array_start, .)
 *(SORT(.fini_array.*))
 *(.fini_array)
 .fini_array    0x20000064        0x4 /home/zoon81/nRF/_tools/gcc-arm-none-eabi-4_9-2015q3-20150921-linux/gcc-arm-none-eabi-4_9-2015q3/bin/../lib/gcc/arm-none-eabi/4.9.3/armv6-m/crtbegin.o
                0x20000068                PROVIDE (__fini_array_end, .)
 *(.jcr)
 .jcr           0x20000068        0x0 /home/zoon81/nRF/_tools/gcc-arm-none-eabi-4_9-2015q3-20150921-linux/gcc-arm-none-eabi-4_9-2015q3/bin/../lib/gcc/arm-none-eabi/4.9.3/armv6-m/crtbegin.o
                0x20000068                . = ALIGN (0x4)
                0x20000068                __data_end__ = .

.igot.plt       0x20000068        0x0 load address 0x000005a4
 .igot.plt      0x00000000        0x0 /home/zoon81/nRF/_tools/gcc-arm-none-eabi-4_9-2015q3-20150921-linux/gcc-arm-none-eabi-4_9-2015q3/bin/../lib/gcc/arm-none-eabi/4.9.3/armv6-m/crtbegin.o

.bss            0x20000068       0x1c load address 0x000005a4
                0x20000068                . = ALIGN (0x4)
                0x20000068                __bss_start__ = .
 *(.bss*)
 .bss           0x20000068       0x1c /home/zoon81/nRF/_tools/gcc-arm-none-eabi-4_9-2015q3-20150921-linux/gcc-arm-none-eabi-4_9-2015q3/bin/../lib/gcc/arm-none-eabi/4.9.3/armv6-m/crtbegin.o
 *(COMMON)
                0x20000084                . = ALIGN (0x4)
                0x20000084                __bss_end__ = .

.heap           0x20000088      0x800
                0x20000088                __end__ = .
                0x20000088                end = __end__
 *(.heap*)
 .heap          0x20000088      0x800 _build/gcc_startup_nrf51.o
                0x20000088                __HeapBase
                0x20000888                __HeapLimit = .

.stack_dummy    0x20000088      0x800
 *(.stack*)
 .stack         0x20000088      0x800 _build/gcc_startup_nrf51.o
                0x20004000                __StackTop = (ORIGIN (RAM) + 0x4000)
                0x20003800                __StackLimit = (__StackTop - SIZEOF (.stack_dummy))
                0x20004000                PROVIDE (__stack, __StackTop)
                0x00000001                ASSERT ((__StackLimit >= __HeapLimit), region RAM overflowed with stack)
OUTPUT(_build/nrf51822_xxaa.out elf32-littlearm)

.ARM.attributes
                0x00000000       0x28
 .ARM.attributes
                0x00000000       0x1e /home/zoon81/nRF/_tools/gcc-arm-none-eabi-4_9-2015q3-20150921-linux/gcc-arm-none-eabi-4_9-2015q3/bin/../lib/gcc/arm-none-eabi/4.9.3/armv6-m/crti.o
 .ARM.attributes
                0x0000001e       0x2c /home/zoon81/nRF/_tools/gcc-arm-none-eabi-4_9-2015q3-20150921-linux/gcc-arm-none-eabi-4_9-2015q3/bin/../lib/gcc/arm-none-eabi/4.9.3/armv6-m/crtbegin.o
 .ARM.attributes
                0x0000004a       0x1b /home/zoon81/nRF/_tools/gcc-arm-none-eabi-4_9-2015q3-20150921-linux/gcc-arm-none-eabi-4_9-2015q3/bin/../lib/gcc/arm-none-eabi/4.9.3/../../../../arm-none-eabi/lib/armv6-m/crt0.o
 .ARM.attributes
                0x00000065       0x2c /home/zoon81/nRF/_tools/gcc-arm-none-eabi-4_9-2015q3-20150921-linux/gcc-arm-none-eabi-4_9-2015q3/bin/../lib/gcc/arm-none-eabi/4.9.3/../../../../arm-none-eabi/lib/armv6-m/libc_nano.a(lib_a-exit.o)
 .ARM.attributes
                0x00000091       0x2c /home/zoon81/nRF/_tools/gcc-arm-none-eabi-4_9-2015q3-20150921-linux/gcc-arm-none-eabi-4_9-2015q3/bin/../lib/gcc/arm-none-eabi/4.9.3/../../../../arm-none-eabi/lib/armv6-m/libc_nano.a(lib_a-impure.o)
 .ARM.attributes
                0x000000bd       0x2c /home/zoon81/nRF/_tools/gcc-arm-none-eabi-4_9-2015q3-20150921-linux/gcc-arm-none-eabi-4_9-2015q3/bin/../lib/gcc/arm-none-eabi/4.9.3/../../../../arm-none-eabi/lib/armv6-m/libc_nano.a(lib_a-init.o)
 .ARM.attributes
                0x000000e9       0x2c /home/zoon81/nRF/_tools/gcc-arm-none-eabi-4_9-2015q3-20150921-linux/gcc-arm-none-eabi-4_9-2015q3/bin/../lib/gcc/arm-none-eabi/4.9.3/../../../../arm-none-eabi/lib/armv6-m/libc_nano.a(lib_a-memset.o)
 .ARM.attributes
                0x00000115       0x2c /home/zoon81/nRF/_tools/gcc-arm-none-eabi-4_9-2015q3-20150921-linux/gcc-arm-none-eabi-4_9-2015q3/bin/../lib/gcc/arm-none-eabi/4.9.3/../../../../arm-none-eabi/lib/armv6-m/libnosys.a(_exit.o)
 .ARM.attributes
                0x00000141       0x31 _build/main.o
 .ARM.attributes
                0x00000172       0x31 _build/system_nrf51.o
 .ARM.attributes
                0x000001a3       0x31 _build/nrf_delay.o
 .ARM.attributes
                0x000001d4       0x1b _build/gcc_startup_nrf51.o
 .ARM.attributes
                0x000001ef       0x1e /home/zoon81/nRF/_tools/gcc-arm-none-eabi-4_9-2015q3-20150921-linux/gcc-arm-none-eabi-4_9-2015q3/bin/../lib/gcc/arm-none-eabi/4.9.3/armv6-m/crtn.o

.comment        0x00000000       0x70
 .comment       0x00000000       0x70 _build/main.o
                                 0x71 (size before relaxing)
 .comment       0x00000000       0x71 _build/system_nrf51.o
 .comment       0x00000000       0x71 _build/nrf_delay.o

.debug_frame    0x00000000      0x210
 .debug_frame   0x00000000       0x28 /home/zoon81/nRF/_tools/gcc-arm-none-eabi-4_9-2015q3-20150921-linux/gcc-arm-none-eabi-4_9-2015q3/bin/../lib/gcc/arm-none-eabi/4.9.3/../../../../arm-none-eabi/lib/armv6-m/libc_nano.a(lib_a-exit.o)
 .debug_frame   0x00000028       0x2c /home/zoon81/nRF/_tools/gcc-arm-none-eabi-4_9-2015q3-20150921-linux/gcc-arm-none-eabi-4_9-2015q3/bin/../lib/gcc/arm-none-eabi/4.9.3/../../../../arm-none-eabi/lib/armv6-m/libc_nano.a(lib_a-init.o)
 .debug_frame   0x00000054       0x20 /home/zoon81/nRF/_tools/gcc-arm-none-eabi-4_9-2015q3-20150921-linux/gcc-arm-none-eabi-4_9-2015q3/bin/../lib/gcc/arm-none-eabi/4.9.3/../../../../arm-none-eabi/lib/armv6-m/libc_nano.a(lib_a-memset.o)
 .debug_frame   0x00000074       0x20 /home/zoon81/nRF/_tools/gcc-arm-none-eabi-4_9-2015q3-20150921-linux/gcc-arm-none-eabi-4_9-2015q3/bin/../lib/gcc/arm-none-eabi/4.9.3/../../../../arm-none-eabi/lib/armv6-m/libnosys.a(_exit.o)
 .debug_frame   0x00000094       0xcc _build/main.o
 .debug_frame   0x00000160       0x80 _build/system_nrf51.o
 .debug_frame   0x000001e0       0x30 _build/nrf_delay.o

.debug_info     0x00000000      0x731
 .debug_info    0x00000000      0x3b0 _build/main.o
 .debug_info    0x000003b0      0x1d4 _build/system_nrf51.o
 .debug_info    0x00000584      0x10f _build/nrf_delay.o
 .debug_info    0x00000693       0x9e _build/gcc_startup_nrf51.o

.debug_abbrev   0x00000000      0x2d3
 .debug_abbrev  0x00000000      0x11b _build/main.o
 .debug_abbrev  0x0000011b       0xe5 _build/system_nrf51.o
 .debug_abbrev  0x00000200       0xbf _build/nrf_delay.o
 .debug_abbrev  0x000002bf       0x14 _build/gcc_startup_nrf51.o

.debug_loc      0x00000000      0x22c
 .debug_loc     0x00000000      0x144 _build/main.o
 .debug_loc     0x00000144       0xb0 _build/system_nrf51.o
 .debug_loc     0x000001f4       0x38 _build/nrf_delay.o

.debug_aranges  0x00000000       0xc0
 .debug_aranges
                0x00000000       0x48 _build/main.o
 .debug_aranges
                0x00000048       0x38 _build/system_nrf51.o
 .debug_aranges
                0x00000080       0x20 _build/nrf_delay.o
 .debug_aranges
                0x000000a0       0x20 _build/gcc_startup_nrf51.o

.debug_ranges   0x00000000       0x70
 .debug_ranges  0x00000000       0x38 _build/main.o
 .debug_ranges  0x00000038       0x28 _build/system_nrf51.o
 .debug_ranges  0x00000060       0x10 _build/nrf_delay.o

.debug_macro    0x00000000     0x9c8f
 .debug_macro   0x00000000       0xd9 _build/main.o
 .debug_macro   0x000000d9      0x83e _build/main.o
 .debug_macro   0x00000917       0x22 _build/main.o
 .debug_macro   0x00000939       0x22 _build/main.o
 .debug_macro   0x0000095b       0x44 _build/main.o
 .debug_macro   0x0000099f       0xe3 _build/main.o
 .debug_macro   0x00000a82       0x22 _build/main.o
 .debug_macro   0x00000aa4      0x1df _build/main.o
 .debug_macro   0x00000c83       0x22 _build/main.o
 .debug_macro   0x00000ca5       0x3a _build/main.o
 .debug_macro   0x00000cdf       0x1f _build/main.o
 .debug_macro   0x00000cfe      0x242 _build/main.o
 .debug_macro   0x00000f40      0x1d2 _build/main.o
 .debug_macro   0x00001112     0x745a _build/main.o
 .debug_macro   0x0000856c      0x976 _build/main.o
 .debug_macro   0x00008ee2       0x1c _build/main.o
 .debug_macro   0x00008efe       0x10 _build/main.o
 .debug_macro   0x00008f0e       0x70 _build/main.o
 .debug_macro   0x00008f7e       0xc7 _build/system_nrf51.o
 .debug_macro   0x00009045      0x19e _build/nrf_delay.o
 .debug_macro   0x000091e3       0x58 _build/nrf_delay.o
 .debug_macro   0x0000923b       0x35 _build/nrf_delay.o
 .debug_macro   0x00009270       0x9c _build/nrf_delay.o
 .debug_macro   0x0000930c       0x16 _build/nrf_delay.o
 .debug_macro   0x00009322       0x4a _build/nrf_delay.o
 .debug_macro   0x0000936c       0x97 _build/nrf_delay.o
 .debug_macro   0x00009403      0x29d _build/nrf_delay.o
 .debug_macro   0x000096a0       0xef _build/nrf_delay.o
 .debug_macro   0x0000978f       0x10 _build/nrf_delay.o
 .debug_macro   0x0000979f       0x52 _build/nrf_delay.o
 .debug_macro   0x000097f1       0x16 _build/nrf_delay.o
 .debug_macro   0x00009807       0x43 _build/nrf_delay.o
 .debug_macro   0x0000984a      0x180 _build/nrf_delay.o
 .debug_macro   0x000099ca       0x10 _build/nrf_delay.o
 .debug_macro   0x000099da       0x22 _build/nrf_delay.o
 .debug_macro   0x000099fc       0xbe _build/nrf_delay.o
 .debug_macro   0x00009aba       0x16 _build/nrf_delay.o
 .debug_macro   0x00009ad0      0x197 _build/nrf_delay.o
 .debug_macro   0x00009c67       0x28 _build/nrf_delay.o

.debug_line     0x00000000      0xfb0
 .debug_line    0x00000000      0x573 _build/main.o
 .debug_line    0x00000573      0x475 _build/system_nrf51.o
 .debug_line    0x000009e8      0x50c _build/nrf_delay.o
 .debug_line    0x00000ef4       0xbc _build/gcc_startup_nrf51.o

.debug_str      0x00000000    0x31ff3
 .debug_str     0x00000000    0x2ee15 _build/main.o
                              0x2ef9b (size before relaxing)
 .debug_str     0x0002ee15      0x12d _build/system_nrf51.o
                              0x2ecd5 (size before relaxing)
 .debug_str     0x0002ef42     0x30b1 _build/nrf_delay.o
                              0x31c9a (size before relaxing)
